============================= test session starts ==============================
platform linux -- Python 3.11.14, pytest-9.0.2, pluggy-1.6.0 -- /usr/local/bin/python3.11
cachedir: .pytest_cache
rootdir: /app
configfile: pyproject.toml
plugins: anyio-4.12.1, asyncio-1.3.0, Faker-40.5.1, langsmith-0.7.6
asyncio: mode=Mode.AUTO, debug=False, asyncio_default_fixture_loop_scope=None, asyncio_default_test_loop_scope=function
collecting ... collected 2 items

tests/api/test_notification_optimization.py::test_notification_age_filtering ERROR [ 50%]
tests/api/test_notification_optimization.py::test_notification_individual_deletion ERROR [100%]

==================================== ERRORS ====================================
______________ ERROR at setup of test_notification_age_filtering _______________

self = <sqlalchemy.engine.base.Connection object at 0x77c09be2b910>
dialect = <sqlalchemy.dialects.sqlite.aiosqlite.SQLiteDialect_aiosqlite object at 0x77c09bb6da90>
context = <sqlalchemy.dialects.sqlite.aiosqlite.SQLiteExecutionContext_aiosqlite object at 0x77c09b65ff90>
statement = <sqlalchemy.dialects.sqlite.base.SQLiteDDLCompiler object at 0x77c09b65ea90>
parameters = [()]

    def _exec_single_context(
        self,
        dialect: Dialect,
        context: ExecutionContext,
        statement: Union[str, Compiled],
        parameters: Optional[_AnyMultiExecuteParams],
    ) -> CursorResult[Any]:
        """continue the _execute_context() method for a single DBAPI
        cursor.execute() or cursor.executemany() call.
    
        """
        if dialect.bind_typing is BindTyping.SETINPUTSIZES:
            generic_setinputsizes = context._prepare_set_input_sizes()
    
            if generic_setinputsizes:
                try:
                    dialect.do_set_input_sizes(
                        context.cursor, generic_setinputsizes, context
                    )
                except BaseException as e:
                    self._handle_dbapi_exception(
                        e, str(statement), parameters, None, context
                    )
    
        cursor, str_statement, parameters = (
            context.cursor,
            context.statement,
            context.parameters,
        )
    
        effective_parameters: Optional[_AnyExecuteParams]
    
        if not context.executemany:
            effective_parameters = parameters[0]
        else:
            effective_parameters = parameters
    
        if self._has_events or self.engine._has_events:
            for fn in self.dispatch.before_cursor_execute:
                str_statement, effective_parameters = fn(
                    self,
                    cursor,
                    str_statement,
                    effective_parameters,
                    context,
                    context.executemany,
                )
    
        if self._echo:
            self._log_info(str_statement)
    
            stats = context._get_cache_stats()
    
            if not self.engine.hide_parameters:
                self._log_info(
                    "[%s] %r",
                    stats,
                    sql_util._repr_params(
                        effective_parameters,
                        batches=10,
                        ismulti=context.executemany,
                    ),
                )
            else:
                self._log_info(
                    "[%s] [SQL parameters hidden due to hide_parameters=True]",
                    stats,
                )
    
        evt_handled: bool = False
        try:
            if context.execute_style is ExecuteStyle.EXECUTEMANY:
                effective_parameters = cast(
                    "_CoreMultiExecuteParams", effective_parameters
                )
                if self.dialect._has_events:
                    for fn in self.dialect.dispatch.do_executemany:
                        if fn(
                            cursor,
                            str_statement,
                            effective_parameters,
                            context,
                        ):
                            evt_handled = True
                            break
                if not evt_handled:
                    self.dialect.do_executemany(
                        cursor,
                        str_statement,
                        effective_parameters,
                        context,
                    )
            elif not effective_parameters and context.no_parameters:
                if self.dialect._has_events:
                    for fn in self.dialect.dispatch.do_execute_no_params:
                        if fn(cursor, str_statement, context):
                            evt_handled = True
                            break
                if not evt_handled:
                    self.dialect.do_execute_no_params(
                        cursor, str_statement, context
                    )
            else:
                effective_parameters = cast(
                    "_CoreSingleExecuteParams", effective_parameters
                )
                if self.dialect._has_events:
                    for fn in self.dialect.dispatch.do_execute:
                        if fn(
                            cursor,
                            str_statement,
                            effective_parameters,
                            context,
                        ):
                            evt_handled = True
                            break
                if not evt_handled:
>                   self.dialect.do_execute(
                        cursor, str_statement, effective_parameters, context
                    )

/usr/local/lib/python3.11/site-packages/sqlalchemy/engine/base.py:1967: 
_ _ _ _ _ _ _ _ _ _ _ _ _ _ _ _ _ _ _ _ _ _ _ _ _ _ _ _ _ _ _ _ _ _ _ _ _ _ _ _ 
/usr/local/lib/python3.11/site-packages/sqlalchemy/engine/default.py:952: in do_execute
    cursor.execute(statement, parameters)
/usr/local/lib/python3.11/site-packages/sqlalchemy/dialects/sqlite/aiosqlite.py:182: in execute
    self._adapt_connection._handle_exception(error)
/usr/local/lib/python3.11/site-packages/sqlalchemy/dialects/sqlite/aiosqlite.py:342: in _handle_exception
    raise error
/usr/local/lib/python3.11/site-packages/sqlalchemy/dialects/sqlite/aiosqlite.py:164: in execute
    self.await_(_cursor.execute(operation, parameters))
/usr/local/lib/python3.11/site-packages/sqlalchemy/util/_concurrency_py3k.py:132: in await_only
    return current.parent.switch(awaitable)  # type: ignore[no-any-return,attr-defined] # noqa: E501
           ^^^^^^^^^^^^^^^^^^^^^^^^^^^^^^^^
/usr/local/lib/python3.11/site-packages/sqlalchemy/util/_concurrency_py3k.py:196: in greenlet_spawn
    value = await result
            ^^^^^^^^^^^^
/usr/local/lib/python3.11/site-packages/aiosqlite/cursor.py:40: in execute
    await self._execute(self._cursor.execute, sql, parameters)
/usr/local/lib/python3.11/site-packages/aiosqlite/cursor.py:32: in _execute
    return await self._conn._execute(fn, *args, **kwargs)
           ^^^^^^^^^^^^^^^^^^^^^^^^^^^^^^^^^^^^^^^^^^^^^^
/usr/local/lib/python3.11/site-packages/aiosqlite/core.py:160: in _execute
    return await future
           ^^^^^^^^^^^^
_ _ _ _ _ _ _ _ _ _ _ _ _ _ _ _ _ _ _ _ _ _ _ _ _ _ _ _ _ _ _ _ _ _ _ _ _ _ _ _ 

tx = <_queue.SimpleQueue object at 0x77c09b5d1ee0>

    def _connection_worker_thread(tx: _TxQueue):
        """
        Execute function calls on a separate thread.
    
        :meta private:
        """
        while True:
            # Continues running until all queue items are processed,
            # even after connection is closed (so we can finalize all
            # futures)
    
            future, function = tx.get()
    
            try:
                LOG.debug("executing %s", function)
>               result = function()
                         ^^^^^^^^^^
E               sqlite3.OperationalError: disk I/O error

/usr/local/lib/python3.11/site-packages/aiosqlite/core.py:63: OperationalError

The above exception was the direct cause of the following exception:

self = <Coroutine test_notification_age_filtering>

    def setup(self) -> None:
        runner_fixture_id = f"_{self._loop_scope}_scoped_runner"
        if runner_fixture_id not in self.fixturenames:
            self.fixturenames.append(runner_fixture_id)
>       return super().setup()
               ^^^^^^^^^^^^^^^

/usr/local/lib/python3.11/site-packages/pytest_asyncio/plugin.py:458: 
_ _ _ _ _ _ _ _ _ _ _ _ _ _ _ _ _ _ _ _ _ _ _ _ _ _ _ _ _ _ _ _ _ _ _ _ _ _ _ _ 
/usr/local/lib/python3.11/site-packages/pytest_asyncio/plugin.py:743: in pytest_fixture_setup
    hook_result = yield
                  ^^^^^
/usr/local/lib/python3.11/site-packages/pytest_asyncio/plugin.py:313: in _asyncgen_fixture_wrapper
    result = runner.run(setup(), context=context)
             ^^^^^^^^^^^^^^^^^^^^^^^^^^^^^^^^^^^^
/usr/local/lib/python3.11/asyncio/runners.py:118: in run
    return self._loop.run_until_complete(task)
           ^^^^^^^^^^^^^^^^^^^^^^^^^^^^^^^^^^^
/usr/local/lib/python3.11/asyncio/base_events.py:654: in run_until_complete
    return future.result()
           ^^^^^^^^^^^^^^^
/usr/local/lib/python3.11/site-packages/pytest_asyncio/plugin.py:309: in setup
    res = await gen_obj.__anext__()
          ^^^^^^^^^^^^^^^^^^^^^^^^^
tests/conftest.py:47: in seed_test_user
    await conn.run_sync(SQLModel.metadata.create_all)
/usr/local/lib/python3.11/site-packages/sqlalchemy/ext/asyncio/engine.py:888: in run_sync
    return await greenlet_spawn(
/usr/local/lib/python3.11/site-packages/sqlalchemy/util/_concurrency_py3k.py:201: in greenlet_spawn
    result = context.throw(*sys.exc_info())
             ^^^^^^^^^^^^^^^^^^^^^^^^^^^^^^
/usr/local/lib/python3.11/site-packages/sqlalchemy/sql/schema.py:5928: in create_all
    bind._run_ddl_visitor(
/usr/local/lib/python3.11/site-packages/sqlalchemy/engine/base.py:2467: in _run_ddl_visitor
    ).traverse_single(element)
      ^^^^^^^^^^^^^^^^^^^^^^^^
/usr/local/lib/python3.11/site-packages/sqlalchemy/sql/visitors.py:661: in traverse_single
    return meth(obj, **kw)
           ^^^^^^^^^^^^^^^
/usr/local/lib/python3.11/site-packages/sqlalchemy/sql/ddl.py:984: in visit_metadata
    self.traverse_single(
/usr/local/lib/python3.11/site-packages/sqlalchemy/sql/visitors.py:661: in traverse_single
    return meth(obj, **kw)
           ^^^^^^^^^^^^^^^
/usr/local/lib/python3.11/site-packages/sqlalchemy/sql/ddl.py:1022: in visit_table
    )._invoke_with(self.connection)
      ^^^^^^^^^^^^^^^^^^^^^^^^^^^^^
/usr/local/lib/python3.11/site-packages/sqlalchemy/sql/ddl.py:321: in _invoke_with
    return bind.execute(self)
           ^^^^^^^^^^^^^^^^^^
/usr/local/lib/python3.11/site-packages/sqlalchemy/engine/base.py:1419: in execute
    return meth(
/usr/local/lib/python3.11/site-packages/sqlalchemy/sql/ddl.py:187: in _execute_on_connection
    return connection._execute_ddl(
/usr/local/lib/python3.11/site-packages/sqlalchemy/engine/base.py:1530: in _execute_ddl
    ret = self._execute_context(
/usr/local/lib/python3.11/site-packages/sqlalchemy/engine/base.py:1846: in _execute_context
    return self._exec_single_context(
/usr/local/lib/python3.11/site-packages/sqlalchemy/engine/base.py:1986: in _exec_single_context
    self._handle_dbapi_exception(
/usr/local/lib/python3.11/site-packages/sqlalchemy/engine/base.py:2363: in _handle_dbapi_exception
    raise sqlalchemy_exception.with_traceback(exc_info[2]) from e
/usr/local/lib/python3.11/site-packages/sqlalchemy/engine/base.py:1967: in _exec_single_context
    self.dialect.do_execute(
/usr/local/lib/python3.11/site-packages/sqlalchemy/engine/default.py:952: in do_execute
    cursor.execute(statement, parameters)
/usr/local/lib/python3.11/site-packages/sqlalchemy/dialects/sqlite/aiosqlite.py:182: in execute
    self._adapt_connection._handle_exception(error)
/usr/local/lib/python3.11/site-packages/sqlalchemy/dialects/sqlite/aiosqlite.py:342: in _handle_exception
    raise error
/usr/local/lib/python3.11/site-packages/sqlalchemy/dialects/sqlite/aiosqlite.py:164: in execute
    self.await_(_cursor.execute(operation, parameters))
/usr/local/lib/python3.11/site-packages/sqlalchemy/util/_concurrency_py3k.py:132: in await_only
    return current.parent.switch(awaitable)  # type: ignore[no-any-return,attr-defined] # noqa: E501
           ^^^^^^^^^^^^^^^^^^^^^^^^^^^^^^^^
/usr/local/lib/python3.11/site-packages/sqlalchemy/util/_concurrency_py3k.py:196: in greenlet_spawn
    value = await result
            ^^^^^^^^^^^^
/usr/local/lib/python3.11/site-packages/aiosqlite/cursor.py:40: in execute
    await self._execute(self._cursor.execute, sql, parameters)
/usr/local/lib/python3.11/site-packages/aiosqlite/cursor.py:32: in _execute
    return await self._conn._execute(fn, *args, **kwargs)
           ^^^^^^^^^^^^^^^^^^^^^^^^^^^^^^^^^^^^^^^^^^^^^^
/usr/local/lib/python3.11/site-packages/aiosqlite/core.py:160: in _execute
    return await future
           ^^^^^^^^^^^^
_ _ _ _ _ _ _ _ _ _ _ _ _ _ _ _ _ _ _ _ _ _ _ _ _ _ _ _ _ _ _ _ _ _ _ _ _ _ _ _ 

tx = <_queue.SimpleQueue object at 0x77c09b5d1ee0>

    def _connection_worker_thread(tx: _TxQueue):
        """
        Execute function calls on a separate thread.
    
        :meta private:
        """
        while True:
            # Continues running until all queue items are processed,
            # even after connection is closed (so we can finalize all
            # futures)
    
            future, function = tx.get()
    
            try:
                LOG.debug("executing %s", function)
>               result = function()
                         ^^^^^^^^^^
E               sqlalchemy.exc.OperationalError: (sqlite3.OperationalError) disk I/O error
E               [SQL: 
E               CREATE TABLE growthclubpostreport (
E               	post_id INTEGER NOT NULL, 
E               	user_id INTEGER NOT NULL, 
E               	created_at DATETIME NOT NULL, 
E               	PRIMARY KEY (post_id, user_id), 
E               	FOREIGN KEY(post_id) REFERENCES growthclubpost (id), 
E               	FOREIGN KEY(user_id) REFERENCES user (id)
E               )
E               
E               ]
E               (Background on this error at: https://sqlalche.me/e/20/e3q8)

/usr/local/lib/python3.11/site-packages/aiosqlite/core.py:63: OperationalError
___________ ERROR at setup of test_notification_individual_deletion ____________

self = <sqlalchemy.engine.base.Connection object at 0x77c09be2b910>
dialect = <sqlalchemy.dialects.sqlite.aiosqlite.SQLiteDialect_aiosqlite object at 0x77c09bb6da90>
context = <sqlalchemy.dialects.sqlite.aiosqlite.SQLiteExecutionContext_aiosqlite object at 0x77c09b65ff90>
statement = <sqlalchemy.dialects.sqlite.base.SQLiteDDLCompiler object at 0x77c09b65ea90>
parameters = [()]

    def _exec_single_context(
        self,
        dialect: Dialect,
        context: ExecutionContext,
        statement: Union[str, Compiled],
        parameters: Optional[_AnyMultiExecuteParams],
    ) -> CursorResult[Any]:
        """continue the _execute_context() method for a single DBAPI
        cursor.execute() or cursor.executemany() call.
    
        """
        if dialect.bind_typing is BindTyping.SETINPUTSIZES:
            generic_setinputsizes = context._prepare_set_input_sizes()
    
            if generic_setinputsizes:
                try:
                    dialect.do_set_input_sizes(
                        context.cursor, generic_setinputsizes, context
                    )
                except BaseException as e:
                    self._handle_dbapi_exception(
                        e, str(statement), parameters, None, context
                    )
    
        cursor, str_statement, parameters = (
            context.cursor,
            context.statement,
            context.parameters,
        )
    
        effective_parameters: Optional[_AnyExecuteParams]
    
        if not context.executemany:
            effective_parameters = parameters[0]
        else:
            effective_parameters = parameters
    
        if self._has_events or self.engine._has_events:
            for fn in self.dispatch.before_cursor_execute:
                str_statement, effective_parameters = fn(
                    self,
                    cursor,
                    str_statement,
                    effective_parameters,
                    context,
                    context.executemany,
                )
    
        if self._echo:
            self._log_info(str_statement)
    
            stats = context._get_cache_stats()
    
            if not self.engine.hide_parameters:
                self._log_info(
                    "[%s] %r",
                    stats,
                    sql_util._repr_params(
                        effective_parameters,
                        batches=10,
                        ismulti=context.executemany,
                    ),
                )
            else:
                self._log_info(
                    "[%s] [SQL parameters hidden due to hide_parameters=True]",
                    stats,
                )
    
        evt_handled: bool = False
        try:
            if context.execute_style is ExecuteStyle.EXECUTEMANY:
                effective_parameters = cast(
                    "_CoreMultiExecuteParams", effective_parameters
                )
                if self.dialect._has_events:
                    for fn in self.dialect.dispatch.do_executemany:
                        if fn(
                            cursor,
                            str_statement,
                            effective_parameters,
                            context,
                        ):
                            evt_handled = True
                            break
                if not evt_handled:
                    self.dialect.do_executemany(
                        cursor,
                        str_statement,
                        effective_parameters,
                        context,
                    )
            elif not effective_parameters and context.no_parameters:
                if self.dialect._has_events:
                    for fn in self.dialect.dispatch.do_execute_no_params:
                        if fn(cursor, str_statement, context):
                            evt_handled = True
                            break
                if not evt_handled:
                    self.dialect.do_execute_no_params(
                        cursor, str_statement, context
                    )
            else:
                effective_parameters = cast(
                    "_CoreSingleExecuteParams", effective_parameters
                )
                if self.dialect._has_events:
                    for fn in self.dialect.dispatch.do_execute:
                        if fn(
                            cursor,
                            str_statement,
                            effective_parameters,
                            context,
                        ):
                            evt_handled = True
                            break
                if not evt_handled:
>                   self.dialect.do_execute(
                        cursor, str_statement, effective_parameters, context
                    )

/usr/local/lib/python3.11/site-packages/sqlalchemy/engine/base.py:1967: 
_ _ _ _ _ _ _ _ _ _ _ _ _ _ _ _ _ _ _ _ _ _ _ _ _ _ _ _ _ _ _ _ _ _ _ _ _ _ _ _ 
/usr/local/lib/python3.11/site-packages/sqlalchemy/engine/default.py:952: in do_execute
    cursor.execute(statement, parameters)
/usr/local/lib/python3.11/site-packages/sqlalchemy/dialects/sqlite/aiosqlite.py:182: in execute
    self._adapt_connection._handle_exception(error)
/usr/local/lib/python3.11/site-packages/sqlalchemy/dialects/sqlite/aiosqlite.py:342: in _handle_exception
    raise error
/usr/local/lib/python3.11/site-packages/sqlalchemy/dialects/sqlite/aiosqlite.py:164: in execute
    self.await_(_cursor.execute(operation, parameters))
/usr/local/lib/python3.11/site-packages/sqlalchemy/util/_concurrency_py3k.py:132: in await_only
    return current.parent.switch(awaitable)  # type: ignore[no-any-return,attr-defined] # noqa: E501
           ^^^^^^^^^^^^^^^^^^^^^^^^^^^^^^^^
/usr/local/lib/python3.11/site-packages/sqlalchemy/util/_concurrency_py3k.py:196: in greenlet_spawn
    value = await result
            ^^^^^^^^^^^^
/usr/local/lib/python3.11/site-packages/aiosqlite/cursor.py:40: in execute
    await self._execute(self._cursor.execute, sql, parameters)
/usr/local/lib/python3.11/site-packages/aiosqlite/cursor.py:32: in _execute
    return await self._conn._execute(fn, *args, **kwargs)
           ^^^^^^^^^^^^^^^^^^^^^^^^^^^^^^^^^^^^^^^^^^^^^^
/usr/local/lib/python3.11/site-packages/aiosqlite/core.py:160: in _execute
    return await future
           ^^^^^^^^^^^^
_ _ _ _ _ _ _ _ _ _ _ _ _ _ _ _ _ _ _ _ _ _ _ _ _ _ _ _ _ _ _ _ _ _ _ _ _ _ _ _ 

tx = <_queue.SimpleQueue object at 0x77c09b5d1ee0>

    def _connection_worker_thread(tx: _TxQueue):
        """
        Execute function calls on a separate thread.
    
        :meta private:
        """
        while True:
            # Continues running until all queue items are processed,
            # even after connection is closed (so we can finalize all
            # futures)
    
            future, function = tx.get()
    
            try:
                LOG.debug("executing %s", function)
>               result = function()
                         ^^^^^^^^^^
E               sqlite3.OperationalError: disk I/O error

/usr/local/lib/python3.11/site-packages/aiosqlite/core.py:63: OperationalError

The above exception was the direct cause of the following exception:

self = <Coroutine test_notification_individual_deletion>

    def setup(self) -> None:
        runner_fixture_id = f"_{self._loop_scope}_scoped_runner"
        if runner_fixture_id not in self.fixturenames:
            self.fixturenames.append(runner_fixture_id)
>       return super().setup()
               ^^^^^^^^^^^^^^^

/usr/local/lib/python3.11/site-packages/pytest_asyncio/plugin.py:458: 
_ _ _ _ _ _ _ _ _ _ _ _ _ _ _ _ _ _ _ _ _ _ _ _ _ _ _ _ _ _ _ _ _ _ _ _ _ _ _ _ 
/usr/local/lib/python3.11/site-packages/pytest_asyncio/plugin.py:313: in _asyncgen_fixture_wrapper
    result = runner.run(setup(), context=context)
             ^^^^^^^^^^^^^^^^^^^^^^^^^^^^^^^^^^^^
/usr/local/lib/python3.11/asyncio/runners.py:118: in run
    return self._loop.run_until_complete(task)
           ^^^^^^^^^^^^^^^^^^^^^^^^^^^^^^^^^^^
/usr/local/lib/python3.11/asyncio/base_events.py:654: in run_until_complete
    return future.result()
           ^^^^^^^^^^^^^^^
/usr/local/lib/python3.11/site-packages/pytest_asyncio/plugin.py:309: in setup
    res = await gen_obj.__anext__()
          ^^^^^^^^^^^^^^^^^^^^^^^^^
tests/conftest.py:47: in seed_test_user
    await conn.run_sync(SQLModel.metadata.create_all)
/usr/local/lib/python3.11/site-packages/sqlalchemy/ext/asyncio/engine.py:888: in run_sync
    return await greenlet_spawn(
/usr/local/lib/python3.11/site-packages/sqlalchemy/util/_concurrency_py3k.py:201: in greenlet_spawn
    result = context.throw(*sys.exc_info())
             ^^^^^^^^^^^^^^^^^^^^^^^^^^^^^^
/usr/local/lib/python3.11/site-packages/sqlalchemy/sql/schema.py:5928: in create_all
    bind._run_ddl_visitor(
/usr/local/lib/python3.11/site-packages/sqlalchemy/engine/base.py:2467: in _run_ddl_visitor
    ).traverse_single(element)
      ^^^^^^^^^^^^^^^^^^^^^^^^
/usr/local/lib/python3.11/site-packages/sqlalchemy/sql/visitors.py:661: in traverse_single
    return meth(obj, **kw)
           ^^^^^^^^^^^^^^^
/usr/local/lib/python3.11/site-packages/sqlalchemy/sql/ddl.py:984: in visit_metadata
    self.traverse_single(
/usr/local/lib/python3.11/site-packages/sqlalchemy/sql/visitors.py:661: in traverse_single
    return meth(obj, **kw)
           ^^^^^^^^^^^^^^^
/usr/local/lib/python3.11/site-packages/sqlalchemy/sql/ddl.py:1022: in visit_table
    )._invoke_with(self.connection)
      ^^^^^^^^^^^^^^^^^^^^^^^^^^^^^
/usr/local/lib/python3.11/site-packages/sqlalchemy/sql/ddl.py:321: in _invoke_with
    return bind.execute(self)
           ^^^^^^^^^^^^^^^^^^
/usr/local/lib/python3.11/site-packages/sqlalchemy/engine/base.py:1419: in execute
    return meth(
/usr/local/lib/python3.11/site-packages/sqlalchemy/sql/ddl.py:187: in _execute_on_connection
    return connection._execute_ddl(
/usr/local/lib/python3.11/site-packages/sqlalchemy/engine/base.py:1530: in _execute_ddl
    ret = self._execute_context(
/usr/local/lib/python3.11/site-packages/sqlalchemy/engine/base.py:1846: in _execute_context
    return self._exec_single_context(
/usr/local/lib/python3.11/site-packages/sqlalchemy/engine/base.py:1986: in _exec_single_context
    self._handle_dbapi_exception(
/usr/local/lib/python3.11/site-packages/sqlalchemy/engine/base.py:2363: in _handle_dbapi_exception
    raise sqlalchemy_exception.with_traceback(exc_info[2]) from e
/usr/local/lib/python3.11/site-packages/sqlalchemy/engine/base.py:1967: in _exec_single_context
    self.dialect.do_execute(
/usr/local/lib/python3.11/site-packages/sqlalchemy/engine/default.py:952: in do_execute
    cursor.execute(statement, parameters)
/usr/local/lib/python3.11/site-packages/sqlalchemy/dialects/sqlite/aiosqlite.py:182: in execute
    self._adapt_connection._handle_exception(error)
/usr/local/lib/python3.11/site-packages/sqlalchemy/dialects/sqlite/aiosqlite.py:342: in _handle_exception
    raise error
/usr/local/lib/python3.11/site-packages/sqlalchemy/dialects/sqlite/aiosqlite.py:164: in execute
    self.await_(_cursor.execute(operation, parameters))
/usr/local/lib/python3.11/site-packages/sqlalchemy/util/_concurrency_py3k.py:132: in await_only
    return current.parent.switch(awaitable)  # type: ignore[no-any-return,attr-defined] # noqa: E501
           ^^^^^^^^^^^^^^^^^^^^^^^^^^^^^^^^
/usr/local/lib/python3.11/site-packages/sqlalchemy/util/_concurrency_py3k.py:196: in greenlet_spawn
    value = await result
            ^^^^^^^^^^^^
/usr/local/lib/python3.11/site-packages/aiosqlite/cursor.py:40: in execute
    await self._execute(self._cursor.execute, sql, parameters)
/usr/local/lib/python3.11/site-packages/aiosqlite/cursor.py:32: in _execute
    return await self._conn._execute(fn, *args, **kwargs)
           ^^^^^^^^^^^^^^^^^^^^^^^^^^^^^^^^^^^^^^^^^^^^^^
/usr/local/lib/python3.11/site-packages/aiosqlite/core.py:160: in _execute
    return await future
           ^^^^^^^^^^^^
_ _ _ _ _ _ _ _ _ _ _ _ _ _ _ _ _ _ _ _ _ _ _ _ _ _ _ _ _ _ _ _ _ _ _ _ _ _ _ _ 

tx = <_queue.SimpleQueue object at 0x77c09b5d1ee0>

    def _connection_worker_thread(tx: _TxQueue):
        """
        Execute function calls on a separate thread.
    
        :meta private:
        """
        while True:
            # Continues running until all queue items are processed,
            # even after connection is closed (so we can finalize all
            # futures)
    
            future, function = tx.get()
    
            try:
                LOG.debug("executing %s", function)
>               result = function()
                         ^^^^^^^^^^
E               sqlalchemy.exc.OperationalError: (sqlite3.OperationalError) disk I/O error
E               [SQL: 
E               CREATE TABLE growthclubpostreport (
E               	post_id INTEGER NOT NULL, 
E               	user_id INTEGER NOT NULL, 
E               	created_at DATETIME NOT NULL, 
E               	PRIMARY KEY (post_id, user_id), 
E               	FOREIGN KEY(post_id) REFERENCES growthclubpost (id), 
E               	FOREIGN KEY(user_id) REFERENCES user (id)
E               )
E               
E               ]
E               (Background on this error at: https://sqlalche.me/e/20/e3q8)

/usr/local/lib/python3.11/site-packages/aiosqlite/core.py:63: OperationalError
=============================== warnings summary ===============================
../usr/local/lib/python3.11/site-packages/passlib/utils/__init__.py:854
  /usr/local/lib/python3.11/site-packages/passlib/utils/__init__.py:854: DeprecationWarning: 'crypt' is deprecated and slated for removal in Python 3.13
    from crypt import crypt as _crypt

-- Docs: https://docs.pytest.org/en/stable/how-to/capture-warnings.html
=========================== short test summary info ============================
ERROR tests/api/test_notification_optimization.py::test_notification_age_filtering - sqlalchemy.exc.OperationalError: (sqlite3.OperationalError) disk I/O error
[SQL: 
CREATE TABLE growthclubpostreport (
	post_id INTEGER NOT NULL, 
	user_id INTEGER NOT NULL, 
	created_at DATETIME NOT NULL, 
	PRIMARY KEY (post_id, user_id), 
	FOREIGN KEY(post_id) REFERENCES growthclubpost (id), 
	FOREIGN KEY(user_id) REFERENCES user (id)
)

]
(Background on this error at: https://sqlalche.me/e/20/e3q8)
ERROR tests/api/test_notification_optimization.py::test_notification_individual_deletion - sqlalchemy.exc.OperationalError: (sqlite3.OperationalError) disk I/O error
[SQL: 
CREATE TABLE growthclubpostreport (
	post_id INTEGER NOT NULL, 
	user_id INTEGER NOT NULL, 
	created_at DATETIME NOT NULL, 
	PRIMARY KEY (post_id, user_id), 
	FOREIGN KEY(post_id) REFERENCES growthclubpost (id), 
	FOREIGN KEY(user_id) REFERENCES user (id)
)

]
(Background on this error at: https://sqlalche.me/e/20/e3q8)
========================= 1 warning, 2 errors in 4.59s =========================
